START matched-added-exposure validation
PAIR eurusd_st_pmc_3r Day of week=Thursday @ 1.50× hp=175 (20.2%) candidates=41
  placebo n=5000 ...
  shift n=1000 ...
  master n=500 ...
  walk-forward (discovery + frozen) ...
  decision=SIZE-UP VALIDATED p_placebo_inc_ns=0.0230 p_shift=0.0080 p_master=0.0599 wf_reappear=0
PAIR us30_monday_or Entry hour (NY)=11 @ 1.50× hp=106 (9.5%) candidates=42
  placebo n=5000 ...
  shift n=1000 ...
  master n=500 ...
  walk-forward (discovery + frozen) ...
  decision=SIZE-UP VALIDATED p_placebo_inc_ns=0.0152 p_shift=0.0090 p_master=0.0539 wf_reappear=0
PAIR eurusd_st_pmc_3r Day of week=Thursday @ 2.00× hp=175 (20.2%) candidates=41
  placebo n=5000 ...
  shift n=1000 ...
  master n=500 ...
  walk-forward (discovery + frozen) ...
  decision=RISK-BUDGET PROFILE p_placebo_inc_ns=0.0198 p_shift=0.0080 p_master=0.1537 wf_reappear=0
PAIR us30_monday_or Entry hour (NY)=11 @ 2.00× hp=106 (9.5%) candidates=42
  placebo n=5000 ...
  shift n=1000 ...
  master n=500 ...
  walk-forward (discovery + frozen) ...
  decision=SIZE-UP VALIDATED p_placebo_inc_ns=0.0156 p_shift=0.0090 p_master=0.1058 wf_reappear=0
DONE 4 pairs
emailed
RECLASSIFY existing pair RESULT.json under strict master-null rule
  eurusd_monday_or__Hourly_RSI_vs_trade__rsi_against_side__x2.00 @2.00× RISK-BUDGET PROFILE → RISK-BUDGET PROFILE (p_master=0.0140)
  eurusd_st_pmc_3r__Day_of_week__Thursday @1.25× SIZE-UP VALIDATED → SIZE-UP VALIDATED (p_master=0.0240)
  eurusd_st_pmc_3r__Day_of_week__Thursday__x1.50 @1.50× SIZE-UP VALIDATED → BORDERLINE PAPER (p_master=0.0599)
  eurusd_st_pmc_3r__Day_of_week__Thursday__x2.00 @2.00× RISK-BUDGET PROFILE → RISK-BUDGET PROFILE (p_master=0.1537)
  us30_monday_or__Day_of_week__Friday @1.25× NOT VALIDATED → NOT VALIDATED (p_master=0.9780)
  us30_monday_or__Entry_hour_(NY)__11 @1.25× SIZE-UP VALIDATED → SIZE-UP VALIDATED (p_master=0.0359)
  us30_monday_or__Entry_hour_(NY)__11__x1.50 @1.50× SIZE-UP VALIDATED → BORDERLINE PAPER (p_master=0.0539)
  us30_monday_or__Entry_hour_(NY)__11__x2.00 @2.00× SIZE-UP VALIDATED → RISK-BUDGET PROFILE (p_master=0.1058)
  usdjpy_asia_range__5m_MA_vs_trade__ma_opposed @1.25× NOT VALIDATED → NOT VALIDATED (p_master=0.8400)
  usdjpy_asia_range__Entry_hour_(NY)__4 @1.25× NOT VALIDATED → NOT VALIDATED (p_master=0.2820)
  usdjpy_asia_range__Hourly_RSI_bucket__rsi_gt70 @1.25× NOT VALIDATED → RISK-BUDGET PROFILE (p_master=0.2800)
  usdjpy_asia_range__Hourly_RSI_bucket__rsi_gt70__x2.00 @2.00× NOT VALIDATED → RISK-BUDGET PROFILE (p_master=0.4631)
  usdjpy_monday_or__Day_of_week__Thursday @1.25× NOT VALIDATED → NOT VALIDATED (p_master=1.0000)
  usdjpy_monday_or__Entry_hour_(NY)__4 @1.25× NOT VALIDATED → RISK-BUDGET PROFILE (p_master=0.9960)
  usdjpy_monday_or__Entry_hour_(NY)__5 @1.25× RISK-BUDGET ONLY → NOT VALIDATED (p_master=1.0000)
  usdjpy_monday_or__Entry_hour_(NY)__5__x2.00 @2.00× RISK-BUDGET PROFILE → NOT VALIDATED (p_master=0.8104)
  usdjpy_monday_or__Hourly_RSI_bucket__rsi_gt70 @1.25× NOT VALIDATED → NOT VALIDATED (p_master=1.0000)
  usdjpy_monday_or__Prior-week_range_half__week_opposed @1.25× SIZE-UP VALIDATED → RISK-BUDGET PROFILE (p_master=0.0060)
  usdjpy_monday_or__Week_of_month__2 @1.25× RISK-BUDGET ONLY → RISK-BUDGET PROFILE (p_master=0.7940)
DONE 19 pairs (reclassify-existing)
emailed

[2026-08-13T01:44Z] Classifier tightened + reclassify + shadow rollout armed. See ROLLOUT.md.
