# Potions Live — PROGRESS.log

Append-only research/platform progress notes.

## 2026-07-16 — Prior-opposed resting-limit hour-complete (family baseline)

### Causality
- Identified left-label ST `live_after_ts` lookahead in resting-limit gate (arm before HTF hour complete).
- Fixed `load_st_resting_limit_events` to set `available_at_ts = live_after + 1h`.
- Strategy prefers `available_at_ts` in `_prior_opposite_event_for_entry`.
- Early-sleeve recovery: delayed arm recovers ~all former early PnL (median entry delay 0).
- NQ lookahead re-review: **SOLID** for minute-by-minute execution
  (`live/state/nq_v2b_prior_opposed_causal_proxies/resting_limit/LOOKAHEAD_REVIEW.md`).

### Results (hour-complete)
| Market | Campaigns | Net | MTM stress | Net/Stress |
|---|---:|---:|---:|---:|
| NQ | 432 | $1,330,920 | -$68,610 | 19.40 |
| MNQ | 428 | $128,360 | -$6,960 | 18.44 |
| YM | 436 | $289,225 | -$33,894 | 8.53 |
| MYM | 423 | $22,101 | -$3,417 | 6.47 |
| ES | — | blocked (no 1m DBN) | — | — |

### Artifacts
- Cross-market: `live/state/v2b_prior_opposed_resting_limit_cross_market/`
- NQ day timelines: `.../resting_limit/day_timelines/`
- Family/friends pack regenerated from hour-complete NQ/MNQ sources
- Platform.md v0.4 documents HTF `available_at_ts` rule

### Docs / investment
- STRATEGY_TRACKER, README, CHANGE_LOG updated
- `scripts/generate_family_friends_funding_package.py` points at resting_limit books
- aiSource / pitch materials marked to hour-complete baseline

### Pending
- ES 1m DBN restore → resting_limit rerun
- Full-history NQ hour-complete rerun (common-window is promotion baseline)
- Execution scrutiny refresh on hour-complete books
- Institutional Sharpe/Calmar regenerate on resting-limit equity
[2026-07-17T19:38:05Z] Promoted eurusd_hourly_st_pmc_sl25_tp75_3r_ma_bull_prior as forex intraday baseline; causal PASS; yearly+macro pack in live/state/eurusd_forex_intraday_baseline/

## 2026-07-19 metals gambit
- Converted XAUUSD/XAGUSD; ran yearly/monthly/ATR/ST+PMC/FBO.
- Top N/S: XAG yearly 316 (caveat), XAU yearly 11.3, XAU ST+PMC MA 3.31; FBO fail.
- Report: live/state/fx_metals_top4_report/SUMMARY.md

### Silver spike fix
- Corrected XAGUSD 2011-01-20 100x bars; re-ran gambit.
- XAG yearly ORB now +$121k / N/S 6.21 (was artifactual 316).
- Top4: AUDJPY yearly 15.3, XAU yearly 11.3, XAG yearly 6.2, USDJPY FBO atr80 4.25.

## 2026-07-22 — First live paper pilot (OANDA practice + local PaperBroker)

### What shipped
- OANDA v20 adapter scaffold: `live/oanda.py`, specs `OANDA_V20_REFERENCE.md` / `OANDA_ADAPTER.md`, vendored `v20-python/`.
- Mid-signal / bid-ask fill bar schema (`Bar` quote book + `QuoteOneMinuteBarBuilder`); PaperBroker buys at ask / sells at bid when quotes present.
- **Pilot A** parallel demos under `live/demo/` (not `live/state/`):
  - EURUSD → `EUR_USD`
  - NAS100 → `NAS100_USD` (NQ-ish)
  - SPX500 → `SPX500_USD` (**ES proxy**)
  - US30 → `US30_USD` (**YM proxy**)
- Same strategy on all four: `v2b_scaleout` OCO ungated, `S_1_1_1`, `use_regime_filter=false`, NY RTH gate, PaperBroker only (no OANDA order routing).
- CLI: `demo-{eurusd,nas100,spx500,us30}-v2b-paper` (+ `-status` / `-stop`), `--daemon`.

### Bugs found in pilot and fixed
- OR clock: v2b `_parse_dt` now converts to `America/New_York` (UTC `Z` bars were skipping OR).
- Order expiry: `_session_expiry` emits NY-offset 15:59; PaperBroker `_ts_after`/`_ts_before` timezone-aware (naive `T15:59:00` vs UTC caused noon ET cancels).
- Stream resilience: reconnect/backoff after overnight disconnect.

### Pilot posture (explicit)
- This is the **first paper pilot system**: OANDA practice **prices in**, local **PaperBroker** fills out.
- Tradovate futures paper and OANDA **order routing** remain next phases (see `LIVE_FEED_PAPER_TRADING_EXECUTION_PLAN.md` + OANDA burn-in checklist).
- Runtime artifacts under `live/demo/*/state|charts|pidfile|*.log` stay local (gitignored).

### Open follow-ups from pilot day
- Stop **trigger** still uses mid high/low; fill price uses ask/bid — tighten quote-side triggers later.
- Sibling strategies (`or_2r_fade`, `v2b_clean_break`) still have old `_parse_dt` / naive expiry stamps.
- Full OR/OCO on index CFDs starts next RTH (today’s OR window already passed when SPX/US30 came up).
- OANDA practice order burn-in checklist items 6–11 still open before any live routing.

## 2026-07-22 — NAS100 MT5 broker-like vs NQ Databento
- Converted fx/raw/NAS100_1m_data.csv (MT5, Europe/Athens) → fx/nas100_{1m,daily}.csv
- Ran live/nas100_prior_opposed_replay.py from 2021-03-04 (S_1_1_3, ST 25/75 pts) → live/state/nas100_v2b_prior_opposed_stpmc_broker_like/
- Result: 310 trades / $923 / PF 1.02 / win 47%. Vs NQ same window: same campaign count & ~99% direction overlap, but NQ PF~2.45 / win~68% / $886k — shape similar, edge not.
2026-08-02T17:45 q1 fakeout satellite (new plugin q1_fakeout_reversal) replayed broker-like NQ/MNQ: REJECTED (NQ $9.9k/16yrs PF 1.089; flip cell stop-clipped, reverse leg already harvests it). DSR TRL-2026-00062..65. v2b entry_cutoff_time flag added; 10:30 time gate P6/P7 causally REJECTED (P5 flat-gap+q4-no-runner stays promoted). Combined book promoted in tracker. Frozen plans queued: runner ladder, reverse_only_when, FX rollout (live/specs/OR_PROFILE_NEXT_PLANS.md).
2026-08-02T18:20 q1 fakeout loss autopsy (447 NQ trades): 57.7% of stop-outs = directional invalidation (orig break resumes to 1R), 35.7% shakeouts, median 6min to stop. Structure what-ifs all fail: deep invalidation stop PF 1.04 (2.6x risk eats the 62.6% TP rate), retest PF 1.02-1.17, limit-at-extreme and London/5m-swing entries negative. Satellite BINNED per protocol; 100+100 charts local. Next: queued plans (runner ladder, reverse_only_when, FX rollout).
2026-08-02T20:35 q1 fakeout structure follow-up: close5-confirmed boundary fade PF 1.74 but regime-concentrated (>100% of net from 2021/23/24, 6/16 neg years, 2010-2020 flat) - fails stability bar. Invalidation add-on at OR mid REJECTED (conditioning error: unconditional first-touch is 62.9% opposite boundary vs 34.0% orig 1R; PF 0.95). Satellite stays binned; proceeding to runner ladder + reverse_only_when plans.
2026-08-02T21:20 turtle-soup study on close5 failed-break swing: limit @ failed extreme, SL=R/5, 5ct scale 4@opp-OR + runner. Best book TS_opp1r_be: 143 fills, PF 1.89, +0.64R expectancy, win% 24, scale-rate 22%, net $42.6k. Pre-2021 +$12k (better than A1); 2025 -$11.5k. Not promotion-stable yet; geometry kept for deeper dive. Charts under charts/turtle_soup/.
2026-08-02T21:35 turtle-soup levers: stop-out autopsy 79% invalidation / 9% shakeout (0/10 reach opp1R). Scale-in on winner MAE (~1.9pts) fails (avg qty 4.7, worse stability). Tick floors/buffers flat. wick>=0.25R lifts PF to 2.16. 2xR/5 stop lifts net to $49k but doubles risk and hurts pre-2021. Keep R/5 + optional wick filter.
2026-08-02T21:45 HTF turtle soup (daily_3 / weekly_4 / monthly_2 failed breaks, OR-risk soup): daily & monthly negative; weekly_4 wick25 +$31.5k PF 2.24 but 10/17 neg years — parked. Moving to runner ladder + reverse_only_when plans.
2026-08-02T22:00 HTF turtle soup parked (only weekly_4 green, unstable). Plan A P8 runner ladder REJECTED (NQ -$74k vs baseline). Plan B P9 reverse_only_when time<=12:00 PROMOTED (NQ +$30k, MNQ +$3k). Knobs: runner_target_r_mult, reverse_only_when. Next: stack P5+P9_time_1200; Plan C FX rollout still queued.
