START EURUSD M1_S2_R2 ← /home/tester/hsm/potions/live/state/monday_or_sizing_sweep_broker/states/eurusd_m1_s2_r2/fills.csv
trades: 2946
VERDICT: After exactly 1L, next WR=32.8 (≥≈baseline 29.0) → skip-after-1L likely toxic.
VERDICT: After exactly 2L, next WR=29.7 (~baseline) → skip-after-2L may be near-neutral.
VERDICT: After exactly 1W, next WR=25.2 (soft) → skip-1-after-W is a candidate.
VERDICT: Top-5% heat weeks: n=138 WR=69.6 net=4.2 vs outside net=-2.9 — calendar concentration is structural.
loading EURUSD 1m → 15m...
15m bars: 571843
levels done; win-run start touch share={'n_win_run_starts': 635, 'starts_with_touch': 483, 'share_starts_with_touch': 0.761, 'base_touch_rate': 0.595}
skip grid...
  take_all n=2946 WR=29.0 net=1.36 mean=0.0005 maxL=17 cover=100.0 ns=2.12
  skip1_after_W n=2263 WR=30.2 net=1.53 mean=0.0007 maxL=16 cover=76.8 ns=3.38
  skip1_after_2W n=2782 WR=29.1 net=1.33 mean=0.0005 maxL=17 cover=94.4 ns=2.11
  skip1_after_1L n=1715 WR=28.2 net=0.54 mean=0.0003 maxL=24 cover=58.2 ns=1.39
  skip1_after_2L n=2288 WR=28.9 net=1.03 mean=0.0004 maxL=16 cover=77.7 ns=2.41
  skip1_after_3L n=2550 WR=29.5 net=1.6 mean=0.0006 maxL=17 cover=86.6 ns=2.91
  skip2_after_2L n=1874 WR=29.5 net=1.45 mean=0.0008 maxL=16 cover=63.6 ns=2.90
  skip2_after_3L n=2232 WR=29.0 net=0.95 mean=0.0004 maxL=21 cover=75.8 ns=1.30
  sitout_week_after_0.50x_p90(0.011648) n=2651 WR=28.9 net=1.26 mean=0.0005 maxL=17 cover=90.0 ns=2.15
  sitout_week_after_1.00x_p90(0.023295) n=2746 WR=29.0 net=1.37 mean=0.0005 maxL=17 cover=93.2 ns=2.27
  sitout_week_after_1.50x_p90(0.034943) n=2830 WR=28.9 net=1.31 mean=0.0005 maxL=17 cover=96.1 ns=2.24
  sitout_week_after_2.00x_p90(0.04659) n=2896 WR=28.8 net=1.3 mean=0.0004 maxL=17 cover=98.3 ns=2.02
  sitout_week_after_2.50x_p90(0.058238) n=2916 WR=28.9 net=1.3 mean=0.0004 maxL=17 cover=99.0 ns=2.00
  sitout_week_after_3.00x_p90(0.069885) n=2929 WR=29.0 net=1.31 mean=0.0004 maxL=17 cover=99.4 ns=2.01
  sitout_week_after_p25_pos_week(0.00813) n=2623 WR=29.0 net=1.27 mean=0.0005 maxL=17 cover=89.0 ns=2.29
  sitout_week_after_p50_pos_week(0.017648) n=2713 WR=28.9 net=1.35 mean=0.0005 maxL=17 cover=92.1 ns=2.29
  sitout_week_after_p75_pos_week(0.03143) n=2811 WR=29.0 net=1.33 mean=0.0005 maxL=17 cover=95.4 ns=2.23
  sitout_week_after_3L n=2718 WR=29.1 net=1.48 mean=0.0005 maxL=16 cover=92.3 ns=2.46
  sitout_week_after_4L n=2902 WR=29.0 net=1.39 mean=0.0005 maxL=17 cover=98.5 ns=2.25
DONE → /home/tester/hsm/potions/live/state/monday_or_phase2/cluster_skip_multi/eurusd_m1_s2_r2
