Loading MNQ hourly bars once...
Loading DBN /home/tester/hsm/potions/mnq/raw/extracted_new/glbx-mdp3-20100606-20260423.ohlcv-1m.dbn.zst (MNQ) ...
  2,172 NY dates with bars
  41,167 hourly bars
Running 18 MNQ variants in one combined Engine replay...
  combined replayed 10000/41167 bars
  combined replayed 20000/41167 bars
  combined replayed 30000/41167 bars
  combined replayed 40000/41167 bars
  MNQ sl25_tp75_3r Net=$10,922.44 Stress=$-2,462.00 Net/Stress=4.44
  MNQ ma_directional_prior_close_against Net=$9,499.89 Stress=$-2,497.83 Net/Stress=3.80
  MNQ sl35_tp105_3r Net=$11,609.38 Stress=$-3,497.70 Net/Stress=3.32
  MNQ sl40_tp120_3r Net=$11,523.74 Stress=$-3,719.90 Net/Stress=3.10
  MNQ ma_directional_current Net=$9,304.03 Stress=$-3,182.23 Net/Stress=2.92
  MNQ close_against_entry_next_open Net=$10,414.35 Stress=$-3,626.13 Net/Stress=2.87
  MNQ ma_directional_prior Net=$9,100.03 Stress=$-3,182.23 Net/Stress=2.86
  MNQ st_flip_exit_next_open Net=$10,209.64 Stress=$-3,626.13 Net/Stress=2.82
  MNQ sl35_tp150_fixed Net=$9,576.88 Stress=$-3,423.40 Net/Stress=2.80
  MNQ sl25_tp150_fixed Net=$6,868.44 Stress=$-2,795.58 Net/Stress=2.46
  MNQ sl40_tp150_fixed Net=$8,947.24 Stress=$-3,825.03 Net/Stress=2.34
  MNQ pmc_cross_exit_next_open Net=$8,043.83 Stress=$-3,986.31 Net/Stress=2.02
  MNQ base_1x_50sl_150tp Net=$7,244.79 Stress=$-3,714.85 Net/Stress=1.95
  MNQ ma_bear_prior_only Net=$6,432.86 Stress=$-3,505.28 Net/Stress=1.84
  MNQ scaleout2_tp3r_runner6r_close_against Net=$14,277.61 Stress=$-10,675.79 Net/Stress=1.34
  MNQ scaleout2_tp3r_runner6r_ma_directional_prior Net=$9,853.28 Stress=$-8,193.86 Net/Stress=1.20
  MNQ scaleout2_tp3r_runner6r Net=$7,422.52 Stress=$-11,384.36 Net/Stress=0.65
  MNQ ma_bull_prior_only Net=$396.43 Stress=$-3,549.99 Net/Stress=0.11
Wrote potions/live/state/hourly_st_pmc_strategyplugin_variants_cross_market/mnq/SUMMARY.md
Loading NQ hourly bars once...
Loading DBN /home/tester/hsm/potions/nq/raw/glbx-mdp3-20100606-20260308.ohlcv-1m.dbn.zst (NQ) ...
  4,888 NY dates with bars
  93,826 hourly bars
Running 18 NQ variants in one combined Engine replay...
  combined replayed 10000/93826 bars
  combined replayed 20000/93826 bars
  combined replayed 30000/93826 bars
  combined replayed 40000/93826 bars
  combined replayed 50000/93826 bars
  combined replayed 60000/93826 bars
  combined replayed 70000/93826 bars
  combined replayed 80000/93826 bars
  combined replayed 90000/93826 bars
  NQ sl25_tp75_3r Net=$144,520.68 Stress=$-24,635.31 Net/Stress=5.87
  NQ sl35_tp105_3r Net=$123,648.75 Stress=$-27,885.38 Net/Stress=4.43
  NQ sl40_tp120_3r Net=$118,582.98 Stress=$-33,138.98 Net/Stress=3.58
  NQ ma_directional_prior_close_against Net=$114,151.91 Stress=$-32,093.39 Net/Stress=3.56
  NQ sl40_tp150_fixed Net=$101,566.63 Stress=$-30,698.30 Net/Stress=3.31
  NQ sl25_tp150_fixed Net=$87,963.74 Stress=$-27,574.18 Net/Stress=3.19
  NQ sl35_tp150_fixed Net=$106,404.75 Stress=$-33,653.80 Net/Stress=3.16
  NQ ma_directional_current Net=$92,698.97 Stress=$-35,287.71 Net/Stress=2.63
  NQ close_against_entry_next_open Net=$103,617.89 Stress=$-44,755.45 Net/Stress=2.32
  NQ ma_directional_prior Net=$87,687.47 Stress=$-38,286.21 Net/Stress=2.29
  NQ st_flip_exit_next_open Net=$99,191.42 Stress=$-44,755.45 Net/Stress=2.22
  NQ pmc_cross_exit_next_open Net=$97,280.96 Stress=$-44,363.69 Net/Stress=2.19
  NQ scaleout2_tp3r_runner6r_close_against Net=$183,871.76 Stress=$-101,522.49 Net/Stress=1.81
  NQ base_1x_50sl_150tp Net=$69,056.31 Stress=$-43,891.35 Net/Stress=1.57
  NQ ma_bear_prior_only Net=$41,722.45 Stress=$-40,934.79 Net/Stress=1.02
  NQ scaleout2_tp3r_runner6r_ma_directional_prior Net=$85,703.99 Stress=$-100,019.74 Net/Stress=0.86
  NQ ma_bull_prior_only Net=$27,416.85 Stress=$-33,609.11 Net/Stress=0.82
  NQ scaleout2_tp3r_runner6r Net=$16,866.04 Stress=$-142,873.31 Net/Stress=0.12
Wrote potions/live/state/hourly_st_pmc_strategyplugin_variants_cross_market/nq/SUMMARY.md
Loading ES hourly bars once...
Loading DBN /home/tester/hsm/potions/es/raw/glbx-mdp3-20100606-20260425.ohlcv-1m.dbn.zst (ES) ...
  4,929 NY dates with bars
  94,660 hourly bars
Running 18 ES variants in one combined Engine replay...
  combined replayed 10000/94660 bars
  combined replayed 20000/94660 bars
  combined replayed 30000/94660 bars
  combined replayed 40000/94660 bars
  combined replayed 50000/94660 bars
  combined replayed 60000/94660 bars
  combined replayed 70000/94660 bars
  combined replayed 80000/94660 bars
  combined replayed 90000/94660 bars
  ES ma_bull_prior_only Net=$96,230.50 Stress=$-45,174.28 Net/Stress=2.13
  ES close_against_entry_next_open Net=$58,802.80 Stress=$-37,184.01 Net/Stress=1.58
  ES sl25_tp150_fixed Net=$49,101.85 Stress=$-53,358.55 Net/Stress=0.92
  ES sl25_tp75_3r Net=$40,252.55 Stress=$-53,828.23 Net/Stress=0.75
  ES ma_directional_prior Net=$23,546.93 Stress=$-69,707.32 Net/Stress=0.34
  ES ma_directional_current Net=$21,032.93 Stress=$-72,221.32 Net/Stress=0.29
  ES ma_directional_prior_close_against Net=$13,773.20 Stress=$-59,501.06 Net/Stress=0.23
  ES sl40_tp150_fixed Net=$13,647.44 Stress=$-67,951.68 Net/Stress=0.20
  ES sl35_tp150_fixed Net=$8,861.47 Stress=$-72,656.62 Net/Stress=0.12
  ES scaleout2_tp3r_runner6r_close_against Net=$10,024.99 Stress=$-115,755.45 Net/Stress=0.09
  ES pmc_cross_exit_next_open Net=$-9,969.15 Stress=$-83,675.55 Net/Stress=-0.12
  ES scaleout2_tp3r_runner6r_ma_directional_prior Net=$-29,145.91 Stress=$-136,951.44 Net/Stress=-0.21
  ES sl40_tp120_3r Net=$-21,595.82 Stress=$-82,019.78 Net/Stress=-0.26
  ES st_flip_exit_next_open Net=$-11,976.46 Stress=$-39,490.33 Net/Stress=-0.30
  ES base_1x_50sl_150tp Net=$-25,373.26 Stress=$-75,661.91 Net/Stress=-0.34
  ES ma_bear_prior_only Net=$-44,414.26 Stress=$-91,222.90 Net/Stress=-0.49
  ES scaleout2_tp3r_runner6r Net=$-83,884.66 Stress=$-167,977.35 Net/Stress=-0.50
  ES sl35_tp105_3r Net=$-47,715.70 Stress=$-71,231.40 Net/Stress=-0.67
Wrote potions/live/state/hourly_st_pmc_strategyplugin_variants_cross_market/es/SUMMARY.md
Loading MES hourly bars once...
Loading CSV /home/tester/hsm/potions/mes/mes_1min_raw.csv (MES) ...
  1,336 NY dates with bars
  25,359 hourly bars
Running 18 MES variants in one combined Engine replay...
  combined replayed 10000/25359 bars
  combined replayed 20000/25359 bars
  MES close_against_entry_next_open Net=$5,525.45 Stress=$-2,393.92 Net/Stress=2.31
  MES ma_bull_prior_only Net=$5,520.75 Stress=$-2,577.15 Net/Stress=2.14
  MES sl25_tp150_fixed Net=$6,489.62 Stress=$-3,684.74 Net/Stress=1.76
  MES pmc_cross_exit_next_open Net=$4,441.63 Stress=$-3,750.73 Net/Stress=1.18
  MES sl40_tp150_fixed Net=$5,004.49 Stress=$-4,269.74 Net/Stress=1.17
  MES sl35_tp150_fixed Net=$4,193.21 Stress=$-4,871.78 Net/Stress=0.86
  MES ma_directional_prior_close_against Net=$2,395.68 Stress=$-3,085.14 Net/Stress=0.78
  MES scaleout2_tp3r_runner6r_close_against Net=$3,452.66 Stress=$-4,687.25 Net/Stress=0.74
  MES base_1x_50sl_150tp Net=$2,817.75 Stress=$-4,151.87 Net/Stress=0.68
  MES sl25_tp75_3r Net=$1,237.62 Stress=$-4,187.40 Net/Stress=0.30
  MES ma_directional_prior Net=$1,389.00 Stress=$-5,882.12 Net/Stress=0.24
  MES st_flip_exit_next_open Net=$725.21 Stress=$-3,399.36 Net/Stress=0.21
  MES ma_directional_current Net=$1,136.25 Stress=$-6,134.87 Net/Stress=0.19
  MES scaleout2_tp3r_runner6r Net=$111.50 Stress=$-8,252.98 Net/Stress=0.01
  MES sl40_tp120_3r Net=$-333.50 Stress=$-4,763.69 Net/Stress=-0.07
  MES scaleout2_tp3r_runner6r_ma_directional_prior Net=$-1,820.25 Stress=$-9,090.26 Net/Stress=-0.20
  MES ma_bear_prior_only Net=$-2,275.50 Stress=$-7,312.07 Net/Stress=-0.31
  MES sl35_tp105_3r Net=$-2,017.54 Stress=$-5,095.42 Net/Stress=-0.40
Wrote potions/live/state/hourly_st_pmc_strategyplugin_variants_cross_market/mes/SUMMARY.md
Loading MYM hourly bars once...
Loading DBN /home/tester/hsm/potions/mym/raw/glbx-mdp3-20100606-20260308.ohlcv-1m (mym).dbn.zst (MYM) ...
  2,131 NY dates with bars
  40,367 hourly bars
Running 18 MYM variants in one combined Engine replay...
  combined replayed 10000/40367 bars
  combined replayed 20000/40367 bars
  combined replayed 30000/40367 bars
  combined replayed 40000/40367 bars
  MYM base_1x_50sl_150tp Net=$6,051.23 Stress=$-1,365.50 Net/Stress=4.43
  MYM pmc_cross_exit_next_open Net=$5,988.50 Stress=$-1,365.50 Net/Stress=4.39
  MYM ma_bull_prior_only Net=$2,901.00 Stress=$-678.52 Net/Stress=4.28
  MYM close_against_entry_next_open Net=$5,531.18 Stress=$-1,365.50 Net/Stress=4.05
  MYM st_flip_exit_next_open Net=$5,531.18 Stress=$-1,365.50 Net/Stress=4.05
  MYM scaleout2_tp3r_runner6r Net=$10,142.57 Stress=$-2,581.00 Net/Stress=3.93
  MYM ma_directional_prior Net=$5,077.15 Stress=$-1,365.50 Net/Stress=3.72
  MYM ma_directional_current Net=$4,996.15 Stress=$-1,365.50 Net/Stress=3.66
  MYM ma_directional_prior_close_against Net=$4,634.47 Stress=$-1,365.50 Net/Stress=3.39
  MYM scaleout2_tp3r_runner6r_close_against Net=$8,614.32 Stress=$-2,581.00 Net/Stress=3.34
  MYM scaleout2_tp3r_runner6r_ma_directional_prior Net=$7,979.47 Stress=$-2,581.00 Net/Stress=3.09
  MYM sl40_tp150_fixed Net=$3,993.66 Stress=$-1,461.00 Net/Stress=2.73
  MYM sl40_tp120_3r Net=$3,945.16 Stress=$-1,476.00 Net/Stress=2.67
  MYM ma_bear_prior_only Net=$3,216.23 Stress=$-1,365.50 Net/Stress=2.36
  MYM sl35_tp150_fixed Net=$3,435.59 Stress=$-1,551.50 Net/Stress=2.21
  MYM sl35_tp105_3r Net=$3,225.59 Stress=$-1,551.50 Net/Stress=2.08
  MYM sl25_tp150_fixed Net=$2,048.70 Stress=$-1,541.50 Net/Stress=1.33
  MYM sl25_tp75_3r Net=$281.20 Stress=$-1,541.50 Net/Stress=0.18
Wrote potions/live/state/hourly_st_pmc_strategyplugin_variants_cross_market/mym/SUMMARY.md
Wrote potions/live/state/hourly_st_pmc_strategyplugin_variants_cross_market/SUMMARY.md
