START GBPUSD M1_S1_R2 ← /home/tester/hsm/potions/live/state/monday_or_sizing_sweep_broker_gbpusd/states/gbpusd_m1_s1_r2/fills.csv
trades: 2912
VERDICT: After exactly 1L, next WR=28.1 (≥≈baseline 28.5) → skip-after-1L likely toxic.
VERDICT: After exactly 2L, next WR=29.1 (~baseline) → skip-after-2L may be near-neutral.
VERDICT: After exactly 1W, next WR=26.6 (soft) → skip-1-after-W is a candidate.
VERDICT: Top-5% heat weeks: n=134 WR=72.4 net=5.6 vs outside net=-3.2 — calendar concentration is structural.
loading GBPUSD 1m → 15m...
15m bars: 571821
levels done; win-run start touch share={'n_win_run_starts': 606, 'starts_with_touch': 476, 'share_starts_with_touch': 0.785, 'base_touch_rate': 0.614}
skip grid...
  take_all n=2912 WR=28.5 net=2.44 mean=0.0008 maxL=23 cover=100.0 ns=3.06
  skip1_after_W n=2257 WR=29.0 net=1.79 mean=0.0008 maxL=22 cover=77.5 ns=3.74
  skip1_after_2W n=2746 WR=28.6 net=2.41 mean=0.0009 maxL=23 cover=94.3 ns=2.91
  skip1_after_1L n=1691 WR=27.7 net=1.1 mean=0.0007 maxL=22 cover=58.1 ns=1.18
  skip1_after_2L n=2242 WR=28.7 net=2.57 mean=0.0011 maxL=20 cover=77.0 ns=2.83
  skip1_after_3L n=2509 WR=28.0 net=1.87 mean=0.0007 maxL=21 cover=86.2 ns=2.11
  skip2_after_2L n=1829 WR=28.2 net=1.79 mean=0.001 maxL=26 cover=62.8 ns=2.22
  skip2_after_3L n=2198 WR=28.7 net=1.93 mean=0.0009 maxL=19 cover=75.5 ns=2.05
  sitout_week_after_0.50x_p90(0.017156) n=2635 WR=28.5 net=2.28 mean=0.0009 maxL=21 cover=90.5 ns=2.83
  sitout_week_after_1.00x_p90(0.034311) n=2719 WR=28.5 net=2.49 mean=0.0009 maxL=23 cover=93.4 ns=2.87
  sitout_week_after_1.50x_p90(0.051467) n=2805 WR=28.4 net=2.4 mean=0.0009 maxL=23 cover=96.3 ns=2.80
  sitout_week_after_2.00x_p90(0.068622) n=2855 WR=28.5 net=2.49 mean=0.0009 maxL=23 cover=98.0 ns=3.24
  sitout_week_after_2.50x_p90(0.085778) n=2884 WR=28.5 net=2.35 mean=0.0008 maxL=23 cover=99.0 ns=2.95
  sitout_week_after_3.00x_p90(0.102933) n=2894 WR=28.5 net=2.32 mean=0.0008 maxL=23 cover=99.4 ns=2.91
  sitout_week_after_p25_pos_week(0.0127812) n=2615 WR=28.4 net=2.28 mean=0.0009 maxL=21 cover=89.8 ns=3.01
  sitout_week_after_p50_pos_week(0.0255065) n=2669 WR=28.4 net=2.36 mean=0.0009 maxL=21 cover=91.7 ns=2.81
  sitout_week_after_p75_pos_week(0.046668) n=2783 WR=28.4 net=2.41 mean=0.0009 maxL=23 cover=95.6 ns=2.90
  sitout_week_after_3L n=2670 WR=28.5 net=2.67 mean=0.001 maxL=18 cover=91.7 ns=3.23
  sitout_week_after_4L n=2861 WR=28.4 net=2.46 mean=0.0009 maxL=21 cover=98.2 ns=3.14
DONE → /home/tester/hsm/potions/live/state/monday_or_phase2/cluster_skip_multi/gbpusd_m1_s1_r2
