START USDJPY M2_S3_R2 ← /home/tester/hsm/potions/live/state/monday_or_sizing_sweep_broker_usdjpy/states/usdjpy_m2_s3_r2/fills.csv
trades: 2879
VERDICT: After exactly 1L, next WR=32.1 (≥≈baseline 30.7) → skip-after-1L likely toxic.
VERDICT: After exactly 2L, next WR=31.6 (~baseline) → skip-after-2L may be near-neutral.
VERDICT: After exactly 1W, next WR=26.9 (soft) → skip-1-after-W is a candidate.
VERDICT: Top-5% heat weeks: n=146 WR=67.8 net=427.1 vs outside net=-176.7 — calendar concentration is structural.
loading USDJPY 1m → 15m...
15m bars: 570399
levels done; win-run start touch share={'n_win_run_starts': 644, 'starts_with_touch': 492, 'share_starts_with_touch': 0.764, 'base_touch_rate': 0.595}
skip grid...
  take_all n=2879 WR=30.7 net=250.5 mean=0.087 maxL=14 cover=100.0 ns=8.98
  skip1_after_W n=2188 WR=31.6 net=260.6 mean=0.1191 maxL=14 cover=76.0 ns=9.43
  skip1_after_2W n=2702 WR=31.1 net=281.7 mean=0.1043 maxL=13 cover=93.9 ns=11.92
  skip1_after_1L n=1687 WR=29.3 net=50.07 mean=0.0297 maxL=17 cover=58.6 ns=0.85
  skip1_after_2L n=2246 WR=30.4 net=173.7 mean=0.0773 maxL=16 cover=78.0 ns=6.06
  skip1_after_3L n=2506 WR=30.7 net=201.3 mean=0.0803 maxL=20 cover=87.0 ns=5.76
  skip2_after_2L n=1861 WR=31.4 net=199.9 mean=0.1074 maxL=15 cover=64.6 ns=6.15
  skip2_after_3L n=2219 WR=30.7 net=176.4 mean=0.0795 maxL=20 cover=77.1 ns=4.50
  sitout_week_after_0.50x_p90(1.40966) n=2528 WR=30.5 net=245.4 mean=0.0971 maxL=14 cover=87.8 ns=7.42
  sitout_week_after_1.00x_p90(2.81932) n=2665 WR=30.8 net=274.6 mean=0.103 maxL=14 cover=92.6 ns=8.12
  sitout_week_after_1.50x_p90(4.22898) n=2768 WR=30.9 net=278.8 mean=0.1007 maxL=14 cover=96.1 ns=9.96
  sitout_week_after_2.00x_p90(5.63864) n=2823 WR=30.9 net=280 mean=0.0992 maxL=14 cover=98.1 ns=11.31
  sitout_week_after_2.50x_p90(7.0483) n=2848 WR=30.8 net=273.2 mean=0.0959 maxL=14 cover=98.9 ns=10.02
  sitout_week_after_3.00x_p90(8.45796) n=2865 WR=30.8 net=264.7 mean=0.0924 maxL=14 cover=99.5 ns=9.49
  sitout_week_after_p25_pos_week(0.8344) n=2489 WR=30.7 net=249.8 mean=0.1004 maxL=14 cover=86.5 ns=7.55
  sitout_week_after_p50_pos_week(1.8) n=2566 WR=30.5 net=244.9 mean=0.0955 maxL=14 cover=89.1 ns=7.41
  sitout_week_after_p75_pos_week(3.4981) n=2716 WR=30.9 net=282.3 mean=0.1039 maxL=14 cover=94.3 ns=11.15
  sitout_week_after_3L n=2678 WR=30.6 net=235.9 mean=0.0881 maxL=18 cover=93.0 ns=9.17
  sitout_week_after_4L n=2839 WR=30.8 net=248.4 mean=0.0875 maxL=15 cover=98.6 ns=9.64
DONE → /home/tester/hsm/potions/live/state/monday_or_phase2/cluster_skip_multi/usdjpy_m2_s3_r2
