Loading EURUSD 1m → hourly ST...
Loading FX CSV /home/tester/hsm/potions/fx/eurusd_1m.csv (EURUSD) ...
  7,163 NY dates with bars
  hourly bars: 70,044
  NY days: 3514
  bias days bull/bear/flat: 1180 1352 981
Running st_daybias_dca_f50_week ...
  net=$3,755 dd=$-2,747 camps=492 lots=337.5 WR=23.4 touches=675 opp_days=2531
Running st_daybias_dca_f50_month ...
  net=$-2,316 dd=$-5,679 camps=407 lots=337.5 WR=15.7 touches=675 opp_days=2531
Running st_daybias_dca_f40_week ...
  net=$9,352 dd=$-1,659 camps=512 lots=337.5 WR=24.6 touches=675 opp_days=2531
Running st_daybias_dca_f40_month ...
  net=$8,077 dd=$-2,989 camps=429 lots=337.5 WR=18.2 touches=675 opp_days=2531
Running st_daybias_dca_f30_week ...
  net=$17,611 dd=$-1,113 camps=540 lots=337.5 WR=26.7 touches=675 opp_days=2531
Running st_daybias_dca_f30_month ...
  net=$13,706 dd=$-1,774 camps=456 lots=337.0 WR=20.4 touches=674 opp_days=2531
Wrote /home/tester/hsm/potions/live/state/eurusd_hourly_st_daybias_dca/SUMMARY.md
md
