START XAUUSD M2_S2_R3 ← /home/tester/hsm/potions/live/state/monday_or_sizing_sweep_broker_xauusd/states/xauusd_m2_s2_r3/fills.csv
trades: 4207
VERDICT: After exactly 1L, next WR=31.8 (≥≈baseline 30.4) → skip-after-1L likely toxic.
VERDICT: After exactly 2L, next WR=30.9 (~baseline) → skip-after-2L may be near-neutral.
VERDICT: After exactly 1W, next WR=28.7 (soft) → skip-1-after-W is a candidate.
VERDICT: Top-5% heat weeks: n=281 WR=50.9 net=11965.8 vs outside net=-7404.3 — calendar concentration is structural.
loading XAUUSD 1m → 15m...
15m bars: 550536
levels done; win-run start touch share={'n_win_run_starts': 917, 'starts_with_touch': 737, 'share_starts_with_touch': 0.804, 'base_touch_rate': 0.659}
skip grid...
  take_all n=4207 WR=30.4 net=4561 mean=1.084 maxL=24 cover=100.0 ns=2.35
  skip1_after_W n=3214 WR=30.9 net=2786 mean=0.8669 maxL=23 cover=76.4 ns=1.58
  skip1_after_2W n=3937 WR=30.7 net=4805 mean=1.22 maxL=24 cover=93.6 ns=2.48
  skip1_after_1L n=2471 WR=29.7 net=3330 mean=1.348 maxL=18 cover=58.7 ns=2.31
  skip1_after_2L n=3289 WR=30.6 net=3475 mean=1.057 maxL=22 cover=78.2 ns=1.96
  skip1_after_3L n=3645 WR=30.1 net=3919 mean=1.075 maxL=18 cover=86.6 ns=2.34
  skip2_after_2L n=2672 WR=29.9 net=2698 mean=1.01 maxL=20 cover=63.5 ns=1.62
  skip2_after_3L n=3227 WR=30.2 net=4342 mean=1.346 maxL=17 cover=76.7 ns=2.79
  sitout_week_after_0.50x_p90(25.7022) n=3130 WR=30.6 net=3921 mean=1.253 maxL=24 cover=74.4 ns=2.38
  sitout_week_after_1.00x_p90(51.4044) n=3518 WR=30.5 net=4382 mean=1.246 maxL=24 cover=83.6 ns=2.66
  sitout_week_after_1.50x_p90(77.1067) n=3772 WR=30.6 net=4797 mean=1.272 maxL=24 cover=89.7 ns=2.91
  sitout_week_after_2.00x_p90(102.809) n=3908 WR=30.7 net=5005 mean=1.281 maxL=24 cover=92.9 ns=3.04
  sitout_week_after_2.50x_p90(128.511) n=4005 WR=30.7 net=4921 mean=1.229 maxL=24 cover=95.2 ns=2.98
  sitout_week_after_3.00x_p90(154.213) n=4062 WR=30.6 net=4843 mean=1.192 maxL=24 cover=96.6 ns=2.94
  sitout_week_after_p25_pos_week(16.2287) n=2971 WR=30.5 net=3745 mean=1.26 maxL=24 cover=70.6 ns=2.27
  sitout_week_after_p50_pos_week(35.997) n=3294 WR=30.5 net=3893 mean=1.182 maxL=24 cover=78.3 ns=2.36
  sitout_week_after_p75_pos_week(74.328) n=3744 WR=30.6 net=4722 mean=1.261 maxL=24 cover=89.0 ns=2.86
  sitout_week_after_+50pts n=3504 WR=30.5 net=4315 mean=1.232 maxL=24 cover=83.3 ns=2.62
  sitout_week_after_+100pts n=3901 WR=30.7 net=5087 mean=1.304 maxL=24 cover=92.7 ns=3.09
  sitout_week_after_3L n=2874 WR=30.5 net=4590 mean=1.597 maxL=19 cover=68.3 ns=2.75
  sitout_week_after_4L n=3232 WR=30.6 net=4539 mean=1.405 maxL=20 cover=76.8 ns=2.79
DONE → /home/tester/hsm/potions/live/state/monday_or_phase2/cluster_skip_multi/xauusd_m2_s2_r3
