[2026-08-11T12:26:13] MONTH_AUDIT skip_months=[1]
[2026-08-11T12:26:13] LOAD USDJPY...
[2026-08-11T12:27:43]   sessions=1678 asia_ranges=1678
[2026-08-11T12:27:43]   USDJPY S_3_3_3 sessions=1678
[2026-08-11T12:28:22]   usdjpy_v2b_asia_range_london_S_3_3_3 250/1678
[2026-08-11T12:29:02]   usdjpy_v2b_asia_range_london_S_3_3_3 500/1678
[2026-08-11T12:29:42]   usdjpy_v2b_asia_range_london_S_3_3_3 750/1678
[2026-08-11T12:30:25]   usdjpy_v2b_asia_range_london_S_3_3_3 1000/1678
[2026-08-11T12:31:08]   usdjpy_v2b_asia_range_london_S_3_3_3 1250/1678
[2026-08-11T12:31:51]   usdjpy_v2b_asia_range_london_S_3_3_3 1500/1678
[2026-08-11T12:32:39] DONE usdjpy_v2b_asia_range_london_S_3_3_3 net_usd=196627.28 N/S=2.14 trades=1673
[2026-08-11T12:32:41] GATE S_0_5_0 allowed=939 skip=739 reasons={'month': 165, 'wr': 7, 'pf': 435, 'both': 195}
[2026-08-11T12:32:41]   USDJPY S_0_5_0 sessions=939
[2026-08-11T12:33:19]   usdjpy_v2b_asia_range_london_S_0_5_0 250/939
[2026-08-11T12:33:58]   usdjpy_v2b_asia_range_london_S_0_5_0 500/939
[2026-08-11T12:34:38]   usdjpy_v2b_asia_range_london_S_0_5_0 750/939
[2026-08-11T12:35:16] DONE usdjpy_v2b_asia_range_london_S_0_5_0 net_usd=113715.82 N/S=6.67 trades=856
[2026-08-11T12:35:18] GATE S_3_1_3 allowed=943 skip=735 reasons={'month': 165, 'wr': 2, 'pf': 462, 'both': 165}
[2026-08-11T12:35:18]   USDJPY S_3_1_3 sessions=943
[2026-08-11T12:35:58]   usdjpy_v2b_asia_range_london_S_3_1_3 250/943
[2026-08-11T12:36:37]   usdjpy_v2b_asia_range_london_S_3_1_3 500/943
[2026-08-11T12:37:18]   usdjpy_v2b_asia_range_london_S_3_1_3 750/943
[2026-08-11T12:37:59] DONE usdjpy_v2b_asia_range_london_S_3_1_3 net_usd=178141.92 N/S=7.23 trades=861
[2026-08-11T12:38:00] GATE S_3_3_3 allowed=939 skip=739 reasons={'month': 165, 'wr': 1, 'pf': 467, 'both': 166}
[2026-08-11T12:38:00]   USDJPY S_3_3_3 sessions=939
[2026-08-11T12:38:41]   usdjpy_v2b_asia_range_london_S_3_3_3 250/939
[2026-08-11T12:39:21]   usdjpy_v2b_asia_range_london_S_3_3_3 500/939
[2026-08-11T12:40:02]   usdjpy_v2b_asia_range_london_S_3_3_3 750/939
[2026-08-11T12:40:43] DONE usdjpy_v2b_asia_range_london_S_3_3_3 net_usd=225074.63 N/S=7.11 trades=857
[2026-08-11T12:40:44] EMAIL sent

## 2026-08-11 promote
- PROMOTE S_3_1_3 + Jan + roll50 → live demos paper/oanda
- Shadow book = unfiltered campaign nets (see FILTERS.md)

## 2026-08-11 docs
- FILTERS.md: research vs live shadow contract; ranking argument
- Tracker/CHANGE_LOG: London reject screen + promote stance

## 2026-08-11 validation gates (funded-sleeve hardening)
- Driver `live/fx_v2b_asia_range_london_usdjpy_validation.py` → VALIDATION_GATES.md
- Attribution: Jan Δ≈+$29k; PF dominant sit-outs; combined not Jan-only
- Frozen OOS post-2021 taken net≈+$102k PASS; yearly stability PASS (2022 31% share)
- Live-parity: demos write campaign_parity.csv; research tape validation_decision_tape.csv
- Stance: research PROMOTE / demos live; **funded sleeve NOT YET**
[2026-08-11T13:44:10] VALIDATION load /home/tester/hsm/potions/live/state/fx_v2b_asia_range_london_usdjpy_sizing/states/usdjpy_v2b_asia_range_london_S_3_1_3/unit_trades.csv
[2026-08-11T13:44:18] VALIDATION wrote /home/tester/hsm/potions/live/state/fx_v2b_asia_range_london_usdjpy_filters/VALIDATION_GATES.md
[2026-08-11T13:44:19] VALIDATION EMAIL sent
