[2026-07-14T00:42:13] START eurusd_wo_gap_reversal
[2026-07-14T00:43:22]   eurusd_wo_gap_reversal 25000/142988
[2026-07-14T00:43:33]   eurusd_wo_gap_reversal 50000/142988
[2026-07-14T00:43:47]   eurusd_wo_gap_reversal 75000/142988
[2026-07-14T00:44:04]   eurusd_wo_gap_reversal 100000/142988
[2026-07-14T00:44:28]   eurusd_wo_gap_reversal 125000/142988
[2026-07-14T00:44:48] DONE eurusd_wo_gap_reversal Net=$32203.00 Net/Stress=1.01
[2026-07-14T00:44:48] START eurusd_weekly_mid_ma500_bias
[2026-07-14T00:46:39]   eurusd_weekly_mid_ma500_bias 50000/571843
[2026-07-14T00:47:02]   eurusd_weekly_mid_ma500_bias 100000/571843
[2026-07-14T00:47:26]   eurusd_weekly_mid_ma500_bias 150000/571843
[2026-07-14T00:47:52]   eurusd_weekly_mid_ma500_bias 200000/571843
[2026-07-14T00:48:20]   eurusd_weekly_mid_ma500_bias 250000/571843
[2026-07-14T00:48:51]   eurusd_weekly_mid_ma500_bias 300000/571843
[2026-07-14T00:49:22]   eurusd_weekly_mid_ma500_bias 350000/571843
[2026-07-14T00:49:57]   eurusd_weekly_mid_ma500_bias 400000/571843
[2026-07-14T00:50:36]   eurusd_weekly_mid_ma500_bias 450000/571843
[2026-07-14T00:51:18]   eurusd_weekly_mid_ma500_bias 500000/571843
[2026-07-14T00:52:01]   eurusd_weekly_mid_ma500_bias 550000/571843
[2026-07-14T00:52:31] DONE eurusd_weekly_mid_ma500_bias Net=$10284.00 Net/Stress=0.28
