Loading...
Loading FX CSV /home/tester/hsm/potions/fx/eurusd_1m.csv (EURUSD) ...
  7,163 NY dates with bars
  days=3514  p* (would-be clear)=2.80
  Monday sessions with Sunday as consecutive prev: 582 / 587
Running f30_week_sess_sl_p0.00atr ...
  net=$-4,145 dd=$-10,489 Net/DD=-0.40 WR=21.6% hold=6.8h stop/pe=431/156
Running f30_week_sess_sl_p0.50atr ...
  net=$-10,673 dd=$-16,805 Net/DD=-0.64 WR=23.6% hold=9.3h stop/pe=388/183
Running f30_week_sess_sl_p1.00atr ...
  net=$-18,668 dd=$-22,589 Net/DD=-0.83 WR=26.1% hold=13.7h stop/pe=356/203
Running f30_week_sess_sl_p1.50atr ...
  net=$-9,411 dd=$-13,587 Net/DD=-0.69 WR=30.9% hold=22.0h stop/pe=308/235
Running f30_week_sess_sl_p2.00atr ...
  net=$-13,956 dd=$-21,109 Net/DD=-0.66 WR=32.5% hold=25.8h stop/pe=286/252
Running f30_week_sess_sl_p2.50atr ...
  net=$-24,146 dd=$-28,071 Net/DD=-0.86 WR=33.5% hold=28.2h stop/pe=272/263
Running f30_week_sess_sl_p2.80atr ...
  net=$-24,247 dd=$-29,792 Net/DD=-0.81 WR=34.6% hold=30.3h stop/pe=260/275
Running f30_week_sess_sl_p3.00atr ...
  net=$-24,078 dd=$-30,065 Net/DD=-0.80 WR=35.2% hold=31.3h stop/pe=252/282
Wrote /home/tester/hsm/potions/live/state/eurusd_st_daybias_f30_wide_sl/SUMMARY.md
