START futures_intraday_hp_sizeup_v1 matched-added-exposure @ 2.00× hub=futures_intraday_hp_sizeup_nulls_2x
predeclared_2x pairs=3: es_prior_opposed_legacy/ST-event age=st_age_gt180m; ym_prior_opposed_rl/Overnight range third=on_middle; nq_prior_opposed_rl/Opening 15m range vs ATR=or_norm
PAIR es_prior_opposed_legacy ST-event age=st_age_gt180m @ 2.00× hp=68 (27.8%) candidates=51
  placebo n=5000 ...
  shift n=1000 ...
  master n=500 ...
  walk-forward (discovery + frozen) ...
  decision=NOT VALIDATED p_plac_ΔNS=0.1062 p_shift_ΔNS=0.0989 p_master_ΔNS=0.6188 wf_reappear=2
  → es_prior_opposed_legacy__ST-event_age__st_age_gt180m__x2.00 @ 2.00× decision=NOT VALIDATED
PAIR ym_prior_opposed_rl Overnight range third=on_middle @ 2.00× hp=108 (24.8%) candidates=77
  placebo n=5000 ...
  shift n=1000 ...
  master n=500 ...
  walk-forward (discovery + frozen) ...
  decision=NOT VALIDATED p_plac_ΔNS=0.1614 p_shift_ΔNS=0.0999 p_master_ΔNS=0.9800 wf_reappear=1
  → ym_prior_opposed_rl__Overnight_range_third__on_middle__x2.00 @ 2.00× decision=NOT VALIDATED
PAIR nq_prior_opposed_rl Opening 15m range vs ATR=or_norm @ 2.00× hp=129 (29.9%) candidates=77
  placebo n=5000 ...
  shift n=1000 ...
  master n=500 ...
  walk-forward (discovery + frozen) ...
  decision=BORDERLINE PAPER p_plac_ΔNS=0.0422 p_shift_ΔNS=0.0280 p_master_ΔNS=0.0639 wf_reappear=1
  → nq_prior_opposed_rl__Opening_15m_range_vs_ATR__or_norm__x2.00 @ 2.00× decision=PROVISIONAL PAPER
DONE validated=0 @ 2.00×
