Loading EURUSD...
Loading FX CSV /home/tester/hsm/potions/fx/eurusd_1m.csv (EURUSD) ...
  7,163 NY dates with bars
  1m bars: 4,187,182 sessions: 3514
Running A1_adaptive_v2b_only ...
  net=$-11,201 dd=$-12,239 n=1352 WR=52.1 Net/DD=-0.92 gate=False
Running A2_adaptive_v2b_v2d ...
  net=$-38,526 dd=$-39,130 n=2902 WR=48.5 Net/DD=-0.98 gate=False
Running A3_clean_break ...
  net=$-31,711 dd=$-32,052 n=2914 WR=37.2 Net/DD=-0.99 gate=False
Running A4_v1b_pullback ...
  net=$-49,210 dd=$-49,856 n=5355 WR=50.8 Net/DD=-0.99 gate=False
Running A5_orb_open_limit ...
  net=$-49,112 dd=$-49,542 n=4763 WR=41.2 Net/DD=-0.99 gate=False
Running A6_breakout_close_limit ...
  net=$-106,986 dd=$-107,898 n=5827 WR=52.7 Net/DD=-0.99 gate=False
Running A7_swept_orb ...
  net=$-26,062 dd=$-26,054 n=1563 WR=41.1 Net/DD=-1.00 gate=False
Running B1_fib62_london_long ...
  net=$-9,463 dd=$-11,470 n=651 WR=40.2 Net/DD=-0.82 gate=False
Running B2_pm_sweep_daily ...
  net=$-7,098 dd=$-27,320 n=217 WR=41.5 Net/DD=-0.26 gate=False
Running B3_midnight_flip_ny ...
  net=$-137,266 dd=$-153,604 n=9080 WR=24.4 Net/DD=-0.89 gate=False
Running B3_midnight_flip_london ...
  net=$-206,809 dd=$-212,860 n=10466 WR=21.3 Net/DD=-0.97 gate=False
Running B3_atr_fade_touch_ny ...
  net=$-1,533 dd=$-3,181 n=25 WR=56.0 Net/DD=-0.48 gate=False
Running B4_c3_hit_orb_fade ...
  net=$-15,524 dd=$-16,994 n=947 WR=47.0 Net/DD=-0.91 gate=False
Running B5_daily_c3_breakout ...
  net=$-68,400 dd=$-190,299 n=2368 WR=40.5 Net/DD=-0.36 gate=False
Running B5_monthly_c3_breakout ...
  net=$-290,794 dd=$-357,266 n=88 WR=30.7 Net/DD=-0.81 gate=False
Wrote /home/tester/hsm/potions/live/state/eurusd_mnq_untried_scout/SUMMARY.md
Survivors: 0
